============================= test session starts =============================
platform win32 -- Python 3.13.7, pytest-9.0.1, pluggy-1.6.0 -- C:\Python313\python.exe
cachedir: .pytest_cache
rootdir: C:\Users\Lee\Desktop\Codyssey Project\pop_pins_ii\Pop-pins2\pop_pins_2
configfile: pytest.ini
plugins: anyio-4.11.0, langsmith-0.4.43, asyncio-1.3.0, cov-7.0.0
asyncio: mode=Mode.STRICT, debug=False, asyncio_default_fixture_loop_scope=None, asyncio_default_test_loop_scope=function
collecting ... collected 1 item

tests/test_dashboard_flow.py::test_dashboard_flow FAILED                 [100%]

================================== FAILURES ===================================
_____________________________ test_dashboard_flow _____________________________
tests\test_dashboard_flow.py:36: in test_dashboard_flow
    assert detail_data["course"]["topic"] == "Dashboard Test"
           ^^^^^^^^^^^^^^^^^^^^^^^^^^^^^^
E   KeyError: 'topic'
=========================== short test summary info ===========================
FAILED tests/test_dashboard_flow.py::test_dashboard_flow - KeyError: 'topic'
======================== 1 failed, 2 warnings in 0.36s ========================
